---
source: tests/integration_tests.rs
assertion_line: 52
expression: contents
input_file: samples/invalid-templates
---
borked.html.hbs: "Unable to load content.\n\nCaused by:\n    0: Failed to register handlebars template 'borked.html.hbs'.\n    1: Template error: invalid handlebars syntax: expected identifier, subexpression, leading_tilde_to_omit_whitespace, or path_inline\n           --> Template error in \"borked.html.hbs\":3:1\n            |\n          0 | {{!-- this is not valid --}}\n          1 | {{\n            |\n            = reason: invalid handlebars syntax: expected identifier, subexpression, leading_tilde_to_omit_whitespace, or path_inline\n       \n"
