---
source: tests/integration_tests.rs
assertion_line: 53
expression: contents
input_file: samples/media-types
---
cannot-become-html.xyz: ""
echo-target-media-type.html.hbs: text/html
html-variation.htm: ""
includes-echo-target-media-type.html.hbs: text/html
nesting/html-that-includes-txt.html.hbs: "Unable to render content.\n\nCaused by:\n    0: Rendering failed for handlebars template: Error rendering \"nesting/html-that-includes-txt.html.hbs\" line 1, col 1: The `get` helper's first argument must be a string (the route of the content item to get), but it was `null`.\n    1: Error rendering \"nesting/html-that-includes-txt.html.hbs\" line 1, col 1: The `get` helper's first argument must be a string (the route of the content item to get), but it was `null`.\n    2: The `get` helper's first argument must be a string (the route of the content item to get), but it was `null`.\n"
nesting/just-html.html: "<marquee>wowowow</marquee>\n"
nesting/txt-that-includes-html.txt.hbs: "Unable to render content.\n\nCaused by:\n    0: Rendering failed for handlebars template: Error rendering \"nesting/txt-that-includes-html.txt.hbs\" line 1, col 1: The `get` helper's first argument must be a string (the route of the content item to get), but it was `null`.\n    1: Error rendering \"nesting/txt-that-includes-html.txt.hbs\" line 1, col 1: The `get` helper's first argument must be a string (the route of the content item to get), but it was `null`.\n    2: The `get` helper's first argument must be a string (the route of the content item to get), but it was `null`.\n"
template-cannot-become-html.xyz.hbs: ""
template-html-variation.htm.hbs: ""
