---
source: tests/integration_tests.rs
expression: contents
input_file: samples/invalid-three-extensions-not-executable
---
this-file-is-not-executable.txt.html.jpg: "Unable to load content.\n\nCaused by:\n    Content file name is not supported: Content file name 'this-file-is-not-executable.txt.html.jpg' has too many extensions.\n"
