---
source: tests/integration_tests.rs
expression: contents
input_file: src/examples/hello-world
---
hello.txt: hello world
