---
source: tests/integration_tests.rs
expression: contents
input_file: src/examples/hidden-content
---
{}
