---
source: tests/integration_tests.rs
expression: contents
input_file: samples/executables

---
cat.txt.sh: ""
count-cli-args.txt.sh: "0\n"
error.txt.sh: "Unable to emit rendered content.\n\nCaused by:\n    Process exited with code 1: boom!\n    \n"
get-pwd.txt.hbs: "this is pwd from subdirectory:\n$PROJECT_DIRECTORY/samples/executables/subdirectory\n"
get-render-data.json.hbs: "{\"/\":{\"NO-SNAPSHOT-random\":\"/NO-SNAPSHOT-random\",\"NO-SNAPSHOT-system-info\":\"/NO-SNAPSHOT-system-info\",\"cat\":\"/cat\",\"count-cli-args\":\"/count-cli-args\",\"error\":\"/error\",\"get-pwd\":\"/get-pwd\",\"get-render-data\":\"/get-render-data\",\"ls\":\"/ls\",\"output-and-error\":\"/output-and-error\",\"pwd\":\"/pwd\",\"render-data\":\"/render-data\",\"slow\":\"/slow\",\"slow-error\":\"/slow-error\",\"slow-template\":\"/slow-template\",\"subdirectory/\":{\"pwd\":\"/subdirectory/pwd\"}},\"server-info\":{\"version\":\"0.3.0\",\"operator-path\":\"$PROJECT_DIRECTORY/target/$PROFILE/operator\",\"socket-address\":\"$SOCKET_ADDRESS\"},\"target-media-type\":\"application/json\",\"request\":{\"route\":\"/get-render-data\",\"query-parameters\":{}},\"error-code\":null}\n"
ls.txt.sh: "NO-SNAPSHOT-random.bin.sh\nNO-SNAPSHOT-system-info.html.sh\ncat.txt.sh\ncount-cli-args.txt.sh\nerror.txt.sh\nget-pwd.txt.hbs\nget-render-data.json.hbs\nls.txt.sh\noutput-and-error.txt.sh\npwd.txt.sh\nrender-data.json.sh\nslow-error.txt.sh\nslow-template.txt.hbs\nslow.txt.sh\nsubdirectory\n"
output-and-error.txt.sh: "Unable to emit rendered content.\n\nCaused by:\n    Process exited with code 1\n"
pwd.txt.sh: "$PROJECT_DIRECTORY/samples/executables\n"
render-data.json.sh: "{\"/\":{\"NO-SNAPSHOT-random\":\"/NO-SNAPSHOT-random\",\"NO-SNAPSHOT-system-info\":\"/NO-SNAPSHOT-system-info\",\"cat\":\"/cat\",\"count-cli-args\":\"/count-cli-args\",\"error\":\"/error\",\"get-pwd\":\"/get-pwd\",\"get-render-data\":\"/get-render-data\",\"ls\":\"/ls\",\"output-and-error\":\"/output-and-error\",\"pwd\":\"/pwd\",\"render-data\":\"/render-data\",\"slow\":\"/slow\",\"slow-error\":\"/slow-error\",\"slow-template\":\"/slow-template\",\"subdirectory/\":{\"pwd\":\"/subdirectory/pwd\"}},\"server-info\":{\"version\":\"0.3.0\",\"operator-path\":\"$PROJECT_DIRECTORY/target/$PROFILE/operator\",\"socket-address\":\"$SOCKET_ADDRESS\"},\"target-media-type\":\"application/json\",\"request\":{\"route\":\"/render-data\",\"query-parameters\":{}},\"error-code\":null}\n"
slow-error.txt.sh: "Unable to emit rendered content.\n\nCaused by:\n    Process exited with code 1: Boom!\n    \n"
slow-template.txt.hbs: "Ôªøüî¥ Ready‚Ä¶\nüü° Set‚Ä¶\nüü¢ Go!\nüèÅ Finished!\n"
slow.txt.sh: "Ôªøüî¥ Ready‚Ä¶\nüü° Set‚Ä¶\nüü¢ Go!\n"
subdirectory/pwd.txt.sh: "$PROJECT_DIRECTORY/samples/executables/subdirectory\n"

