---
source: tests/integration_tests.rs
expression: contents
input_file: samples/hidden-content
---
{}
