---
source: tests/integration_tests.rs
expression: contents
input_file: src/examples/static-content
---
index.html: "<h1>title</h1><p>content</p>\n"
no-trailing-newline.txt: there is no newline following this
