---
source: src/cli.rs
expression: contents
input_file: examples/valid/hello-world
---
hello: "hello world\n"
