---
source: src/cli.rs
expression: contents
input_file: examples/valid/empty
---
{}
