---
source: src/cli.rs
expression: contents
input_file: src/examples/static-content
---
index: "<h1>title</h1><p>content</p>\n"
no-trailing-newline: there is no newline following this
