---
source: src/cli.rs
expression: contents
input_file: examples/invalid/three-extensions-not-executable
---
this-file-is-not-executable: "Error: Unable to load content. Content file name is not supported: Content file name 'this-file-is-not-executable.txt.html.jpg' has too many extensions. "
