---
source: src/cli.rs
expression: contents
input_file: src/examples/empty
---
{}
