---
source: src/cli.rs
expression: contents
input_file: src/examples/changing-context
---
a: "a\n"
with: "this with normal context: [object]\n\n"
