---
source: src/cli.rs
expression: contents
input_file: src/examples/invalid-three-extensions-executable
---
this-file-is-executable.txt.html.jpg: "Error: Unable to load content. Content file name is not supported: Content file name 'this-file-is-executable.txt.html.jpg' has too many extensions."
