---
source: src/cli.rs
expression: contents
input_file: src/examples/hello-world
---
hello.html.hbs: "hello world\n"
