---
source: tests/integration_tests.rs
expression: contents
input_file: samples/invalid-single-extension-executable
---
this-file-is-executable.txt: "Unable to load content.\n\nCaused by:\n    Content file name is not supported: The content file 'this-file-is-executable.txt' is executable, but only has one extension ('txt'). Executables must have two extensions: the first indicates the media type of its output, and the second is arbitrary but can be used to indicate the executable type ('.sh', '.exe', '.py', etc).\n"
